[anvogue-html.vercel.app/index.html]
[backblue.gif]
[fade.gif]
[index.html]
[anvogue-html.vercel.app/assets/images/fav.png]
[anvogue-html.vercel.app/assets/css/swiper-bundle.min.css]
[anvogue-html.vercel.app/dist/output-scss.css]
[anvogue-html.vercel.app/dist/output-tailwind.css]
[anvogue-html.vercel.app/index-2.html]
[anvogue-html.vercel.app/fashion2.html]
[anvogue-html.vercel.app/fashion3.html]
[anvogue-html.vercel.app/fashion4.html]
[anvogue-html.vercel.app/fashion5.html]
[anvogue-html.vercel.app/fashion6.html]
[anvogue-html.vercel.app/fashion7.html]
[anvogue-html.vercel.app/fashion8.html]
[anvogue-html.vercel.app/fashion9.html]
[anvogue-html.vercel.app/fashion10.html]
[anvogue-html.vercel.app/fashion11.html]
[anvogue-html.vercel.app/underwear.html]
[anvogue-html.vercel.app/cosmetic1.html]
[anvogue-html.vercel.app/cosmetic2.html]
[anvogue-html.vercel.app/cosmetic3.html]
[anvogue-html.vercel.app/pet.html]
[anvogue-html.vercel.app/jewelry.html]
[anvogue-html.vercel.app/furniture.html]
[anvogue-html.vercel.app/watch.html]
[anvogue-html.vercel.app/toys.html]
[anvogue-html.vercel.app/yoga.html]
[anvogue-html.vercel.app/organic.html]
[anvogue-html.vercel.app/marketplace.html]
[anvogue-html.vercel.app/shop-breadcrumb1.html]
[anvogue-html.vercel.app/assets/images/slider/bg2-2.png]
[anvogue-html.vercel.app/assets/images/other/bg-feature.png]
[anvogue-html.vercel.app/shop-breadcrumb-img.html]
[anvogue-html.vercel.app/shop-breadcrumb2.html]
[anvogue-html.vercel.app/shop-collection.html]
[anvogue-html.vercel.app/shop-filter-canvas.html]
[anvogue-html.vercel.app/shop-filter-options.html]
[anvogue-html.vercel.app/shop-filter-dropdown.html]
[anvogue-html.vercel.app/shop-sidebar-list.html]
[anvogue-html.vercel.app/shop-default.html]
[anvogue-html.vercel.app/shop-default-grid.html]
[anvogue-html.vercel.app/shop-default-list.html]
[anvogue-html.vercel.app/shop-fullwidth.html]
[anvogue-html.vercel.app/shop-square.html]
[anvogue-html.vercel.app/checkout.html]
[anvogue-html.vercel.app/checkout2.html]
[anvogue-html.vercel.app/wishlist.html]
[anvogue-html.vercel.app/search-result.html]
[anvogue-html.vercel.app/cart.html]
[anvogue-html.vercel.app/login.html]
[anvogue-html.vercel.app/forgot-password.html]
[anvogue-html.vercel.app/order-tracking.html]
[anvogue-html.vercel.app/my-account.html]
[anvogue-html.vercel.app/assets/images/product/fashion/1-1.png]
[anvogue-html.vercel.app/assets/images/product/fashion/1-2.png]
[anvogue-html.vercel.app/assets/images/product/fashion/3-1.png]
[anvogue-html.vercel.app/assets/images/product/fashion/3-2.png]
[anvogue-html.vercel.app/product-default.html]
[anvogue-html.vercel.app/product-sale.html]
[anvogue-html.vercel.app/product-countdown-timer.html]
[anvogue-html.vercel.app/product-grouped.html]
[anvogue-html.vercel.app/product-bought-together.html]
[anvogue-html.vercel.app/product-out-of-stock.html]
[anvogue-html.vercel.app/product-variable.html]
[anvogue-html.vercel.app/product-external.html]
[anvogue-html.vercel.app/product-on-sale.html]
[anvogue-html.vercel.app/product-discount.html]
[anvogue-html.vercel.app/product-sidebar.html]
[anvogue-html.vercel.app/product-fixed-price.html]
[anvogue-html.vercel.app/product-thumbnail-left.html]
[anvogue-html.vercel.app/product-thumbnail-bottom.html]
[anvogue-html.vercel.app/product-one-scrolling.html]
[anvogue-html.vercel.app/product-two-scrolling.html]
[anvogue-html.vercel.app/product-combined-one.html]
[anvogue-html.vercel.app/product-combined-two.html]
[anvogue-html.vercel.app/product-style1.html]
[anvogue-html.vercel.app/product-style2.html]
[anvogue-html.vercel.app/product-style3.html]
[anvogue-html.vercel.app/product-style4.html]
[anvogue-html.vercel.app/product-style5.html]
[anvogue-html.vercel.app/blog-default.html]
[anvogue-html.vercel.app/blog-list.html]
[anvogue-html.vercel.app/blog-grid.html]
[anvogue-html.vercel.app/blog-detail1.html]
[anvogue-html.vercel.app/blog-detail2.html]
[anvogue-html.vercel.app/about.html]
[anvogue-html.vercel.app/contact.html]
[anvogue-html.vercel.app/store-list.html]
[anvogue-html.vercel.app/page-not-found.html]
[anvogue-html.vercel.app/faqs.html]
[anvogue-html.vercel.app/coming-soon.html]
[anvogue-html.vercel.app/customer-feedbacks.html]
[anvogue-html.vercel.app/register.html]
[anvogue-html.vercel.app/assets/images/slider/bg1-1.png]
[anvogue-html.vercel.app/assets/images/slider/bg1-2.png]
[anvogue-html.vercel.app/assets/images/slider/bg1-3.png]
[anvogue-html.vercel.app/assets/images/collection/swimwear.png]
[anvogue-html.vercel.app/assets/images/collection/top.png]
[anvogue-html.vercel.app/assets/images/collection/sets.png]
[anvogue-html.vercel.app/assets/images/collection/outerwear.png]
[anvogue-html.vercel.app/assets/images/collection/underwear.png]
[anvogue-html.vercel.app/assets/images/collection/t-shirt.png]
[anvogue-html.vercel.app/assets/images/banner/1.png]
[anvogue-html.vercel.app/assets/images/banner/2.png]
[anvogue-html.vercel.app/assets/images/instagram/0.png]
[anvogue-html.vercel.app/assets/images/instagram/1.png]
[anvogue-html.vercel.app/assets/images/instagram/2.png]
[anvogue-html.vercel.app/assets/images/instagram/3.png]
[anvogue-html.vercel.app/assets/images/instagram/4.png]
[anvogue-html.vercel.app/assets/images/instagram/5.png]
[anvogue-html.vercel.app/assets/images/brand/1.png]
[anvogue-html.vercel.app/assets/images/brand/2.png]
[anvogue-html.vercel.app/assets/images/brand/3.png]
[anvogue-html.vercel.app/assets/images/brand/4.png]
[anvogue-html.vercel.app/assets/images/brand/5.png]
[anvogue-html.vercel.app/assets/images/brand/6.png]
[anvogue-html.vercel.app/assets/images/brand/7.png]
[anvogue-html.vercel.app/assets/images/payment/Frame-0.png]
[anvogue-html.vercel.app/assets/images/payment/Frame-1.png]
[anvogue-html.vercel.app/assets/images/payment/Frame-2.png]
[anvogue-html.vercel.app/assets/images/payment/Frame-3.png]
[anvogue-html.vercel.app/assets/images/payment/Frame-4.png]
[anvogue-html.vercel.app/assets/images/payment/Frame-5.png]
[anvogue-html.vercel.app/assets/images/product/fashion/2-2.png]
[anvogue-html.vercel.app/assets/images/product/fashion/3-3.png]
[anvogue-html.vercel.app/assets/images/product/fashion/4-2.png]
[anvogue-html.vercel.app/assets/images/product/fashion/14-1.png]
[anvogue-html.vercel.app/assets/images/product/fashion/14-2.png]
[anvogue-html.vercel.app/assets/images/product/fashion/13-1.png]
[anvogue-html.vercel.app/assets/images/product/fashion/13-2.png]
[anvogue-html.vercel.app/assets/images/product/fashion/12-1.png]
[anvogue-html.vercel.app/assets/images/product/fashion/12-2.png]
[anvogue-html.vercel.app/assets/images/product/fashion/11-1.png]
[anvogue-html.vercel.app/assets/images/product/fashion/11-2.png]
[anvogue-html.vercel.app/compare.html]
[anvogue-html.vercel.app/assets/images/product/fashion/3-4.png]
[anvogue-html.vercel.app/assets/images/product/color/purple.png]
[anvogue-html.vercel.app/assets/images/product/color/red.png]
[anvogue-html.vercel.app/assets/images/product/color/black.png]
[anvogue-html.vercel.app/assets/js/phosphor-icons.js]
[anvogue-html.vercel.app/assets/js/swiper-bundle.min.js]
[anvogue-html.vercel.app/index.html]
[anvogue-html.vercel.app/assets/css/swiper-bundle.min.css]
[anvogue-html.vercel.app/assets/js/main.js]
[anvogue-html.vercel.app/assets/css/style.css]
[anvogue-html.vercel.app/dist/output-scss.css]
[anvogue-html.vercel.app/dist/output-tailwind.css]
[anvogue-html.vercel.app/index-2.html]
[anvogue-html.vercel.app/assets/css/icomoon/style.css]
[anvogue-html.vercel.app/assets/images/slider/bg2-1.png]
[anvogue-html.vercel.app/assets/images/slider/bg2-3.png]
[anvogue-html.vercel.app/fashion2.html]
[anvogue-html.vercel.app/about.90.delayed]
[anvogue-html.vercel.app/contact.91.delayed]
[anvogue-html.vercel.app/store-list.92.delayed]
[anvogue-html.vercel.app/faqs.93.delayed]
[anvogue-html.vercel.app/assets/images/slider/bg3-1.png]
[anvogue-html.vercel.app/assets/images/slider/bg3-2.png]
[anvogue-html.vercel.app/assets/images/blog/1.png]
[anvogue-html.vercel.app/assets/images/blog/2.png]
[anvogue-html.vercel.app/assets/images/blog/3.png]
[anvogue-html.vercel.app/assets/images/instagram/10.png]
[anvogue-html.vercel.app/assets/images/instagram/yoga5.png]
[anvogue-html.vercel.app/fashion3.html]
[anvogue-html.vercel.app/assets/images/slider/bg4-1.png]
[anvogue-html.vercel.app/assets/images/slider/bg4-2.png]
[anvogue-html.vercel.app/assets/images/slider/bg4-3.png]
[anvogue-html.vercel.app/assets/images/avatar/1.png]
[anvogue-html.vercel.app/assets/images/avatar/2.png]
[anvogue-html.vercel.app/assets/images/avatar/3.png]
[anvogue-html.vercel.app/assets/images/avatar/4.png]
[anvogue-html.vercel.app/fashion4.html]
[anvogue-html.vercel.app/assets/images/slider/bg5-1.png]
[anvogue-html.vercel.app/assets/images/slider/bg5-2.png]
[anvogue-html.vercel.app/assets/images/banner/3.png]
[anvogue-html.vercel.app/assets/images/banner/4.png]
[anvogue-html.vercel.app/assets/images/banner/5.png]
[anvogue-html.vercel.app/fashion5.html]
[anvogue-html.vercel.app/assets/images/slider/bg6-1.png]
[anvogue-html.vercel.app/assets/images/slider/bg6-2.png]
[anvogue-html.vercel.app/assets/images/slider/bg6-3.png]
[anvogue-html.vercel.app/assets/images/product/fashion/21-1.png]
[anvogue-html.vercel.app/assets/images/product/fashion/13-3.png]
[anvogue-html.vercel.app/assets/images/product/fashion/13-4.png]
[anvogue-html.vercel.app/assets/images/product/color/green.png]
[anvogue-html.vercel.app/assets/images/product/color/yellow.png]
[anvogue-html.vercel.app/fashion6.html]
[anvogue-html.vercel.app/assets/images/slider/bg7-1.png]
[anvogue-html.vercel.app/assets/images/avatar/5.png]
[anvogue-html.vercel.app/assets/images/avatar/6.png]
[anvogue-html.vercel.app/assets/images/avatar/7.png]
[anvogue-html.vercel.app/assets/images/avatar/8.png]
[anvogue-html.vercel.app/assets/images/banner/6.png]
[anvogue-html.vercel.app/assets/images/banner/7.png]
[anvogue-html.vercel.app/fashion7.html]
[anvogue-html.vercel.app/assets/images/slider/bg8-1.png]
[anvogue-html.vercel.app/assets/images/slider/bg8-2.png]
[anvogue-html.vercel.app/assets/images/slider/bg8-3.png]
[anvogue-html.vercel.app/assets/images/banner/8.png]
[anvogue-html.vercel.app/assets/images/banner/9.png]
[anvogue-html.vercel.app/fashion8.html]
[anvogue-html.vercel.app/assets/images/slider/bg9-1.png]
[anvogue-html.vercel.app/assets/images/slider/bg9-2.png]
[anvogue-html.vercel.app/assets/images/slider/bg9-3.png]
[anvogue-html.vercel.app/assets/images/banner/10.png]
[anvogue-html.vercel.app/assets/images/banner/11.png]
[anvogue-html.vercel.app/assets/images/banner/12.png]
[anvogue-html.vercel.app/fashion9.html]
[anvogue-html.vercel.app/assets/images/slider/bg10-1.png]
[anvogue-html.vercel.app/assets/images/slider/bg10-2.png]
[anvogue-html.vercel.app/assets/images/slider/bg10-3.png]
[anvogue-html.vercel.app/fashion10.html]
[anvogue-html.vercel.app/assets/images/slider/bg11-1.png]
[anvogue-html.vercel.app/assets/images/slider/bg11-2.png]
[anvogue-html.vercel.app/assets/images/slider/bg11-3.png]
[anvogue-html.vercel.app/assets/images/banner/13.png]
[anvogue-html.vercel.app/assets/images/banner/14.png]
[anvogue-html.vercel.app/fashion11.html]
[anvogue-html.vercel.app/assets/images/slider/bg-underwear1.png]
[anvogue-html.vercel.app/assets/images/slider/bg-underwear2.png]
[anvogue-html.vercel.app/shop/breadcrumb-img.cb.delayed]
[anvogue-html.vercel.app/assets/images/collection/underwear1.png]
[anvogue-html.vercel.app/assets/images/collection/underwear2.png]
[anvogue-html.vercel.app/assets/images/collection/underwear3.png]
[anvogue-html.vercel.app/assets/images/collection/underwear4.png]
[anvogue-html.vercel.app/assets/images/product/fashion/34-1.png]
[anvogue-html.vercel.app/assets/images/product/fashion/34-2.png]
[anvogue-html.vercel.app/assets/images/product/fashion/34-3.png]
[anvogue-html.vercel.app/assets/images/product/fashion/34-4.png]
[anvogue-html.vercel.app/assets/images/product/color/underwear-black.png]
[anvogue-html.vercel.app/assets/images/product/color/underwear-red.png]
[anvogue-html.vercel.app/assets/images/product/color/underwear-white.png]
[anvogue-html.vercel.app/assets/images/banner/15.png]
[anvogue-html.vercel.app/assets/images/banner/16.png]
[anvogue-html.vercel.app/assets/images/banner/17.png]
[anvogue-html.vercel.app/assets/images/blog/4.png]
[anvogue-html.vercel.app/assets/images/blog/5.png]
[anvogue-html.vercel.app/assets/images/blog/6.png]
[anvogue-html.vercel.app/assets/images/instagram/6.png]
[anvogue-html.vercel.app/assets/images/instagram/7.png]
[anvogue-html.vercel.app/assets/images/instagram/8.png]
[anvogue-html.vercel.app/assets/images/instagram/9.png]
[anvogue-html.vercel.app/assets/images/instagram/14.png]
[anvogue-html.vercel.app/underwear.html]
[anvogue-html.vercel.app/assets/images/other/bg-feature-cosmetic.png]
[anvogue-html.vercel.app/assets/images/product/cosmetic/4-1.png]
[anvogue-html.vercel.app/assets/images/product/cosmetic/4-2.png]
[anvogue-html.vercel.app/assets/images/product/cosmetic/7-1.png]
[anvogue-html.vercel.app/assets/images/product/cosmetic/7-2.png]
[anvogue-html.vercel.app/assets/images/slider/bg-cos1-1.png]
[anvogue-html.vercel.app/assets/images/slider/bg-cos1-2.png]
[anvogue-html.vercel.app/assets/images/slider/bg-cos1-3.png]
[anvogue-html.vercel.app/assets/images/collection/body.png]
[anvogue-html.vercel.app/assets/images/collection/skin.png]
[anvogue-html.vercel.app/assets/images/collection/hair.png]
[anvogue-html.vercel.app/assets/images/collection/accessories-cos.png]
[anvogue-html.vercel.app/assets/images/product/cosmetic/8-1.png]
[anvogue-html.vercel.app/assets/images/product/cosmetic/3-1.png]
[anvogue-html.vercel.app/assets/images/product/cosmetic/5-1.png]
[anvogue-html.vercel.app/assets/images/product/cosmetic/3-2.png]
[anvogue-html.vercel.app/assets/images/product/cosmetic/2-2.png]
[anvogue-html.vercel.app/assets/images/product/cosmetic/9-2.png]
[anvogue-html.vercel.app/assets/images/product/cosmetic/6-1.png]
[anvogue-html.vercel.app/assets/images/product/cosmetic/6-2.png]
[anvogue-html.vercel.app/assets/images/product/cosmetic/5-2.png]
[anvogue-html.vercel.app/assets/images/product/cosmetic/1-1.png]
[anvogue-html.vercel.app/assets/images/product/cosmetic/1-2.png]
[anvogue-html.vercel.app/assets/images/product/cosmetic/1-3.png]
[anvogue-html.vercel.app/assets/images/product/cosmetic/1-4.png]
[anvogue-html.vercel.app/assets/images/banner/before.png]
[anvogue-html.vercel.app/assets/images/banner/after.png]
[anvogue-html.vercel.app/assets/images/banner/bg-testi-cos.png]
[anvogue-html.vercel.app/assets/images/instagram/11.png]
[anvogue-html.vercel.app/assets/images/instagram/12.png]
[anvogue-html.vercel.app/assets/images/instagram/13.png]
[anvogue-html.vercel.app/assets/images/instagram/15.png]
[anvogue-html.vercel.app/assets/images/instagram/16.png]
[anvogue-html.vercel.app/assets/images/instagram/yoga7.png]
[anvogue-html.vercel.app/cosmetic1.html]
[anvogue-html.vercel.app/assets/images/slider/bg-cos2-1.png]
[anvogue-html.vercel.app/assets/images/slider/bg-cos2-2.png]
[anvogue-html.vercel.app/assets/images/slider/bg-cos2-3.png]
[anvogue-html.vercel.app/assets/images/banner/18.png]
[anvogue-html.vercel.app/assets/images/banner/19.png]
[anvogue-html.vercel.app/assets/images/banner/20.png]
[anvogue-html.vercel.app/assets/images/banner/video-cos2.png]
[anvogue-html.vercel.app/assets/images/blog/7.png]
[anvogue-html.vercel.app/assets/images/blog/9.png]
[anvogue-html.vercel.app/assets/images/blog/8.png]
[anvogue-html.vercel.app/assets/images/product/cosmetic/9-1.png]
[anvogue-html.vercel.app/assets/images/product/cosmetic/10-1.png]
[anvogue-html.vercel.app/assets/images/product/cosmetic/10-2.png]
[anvogue-html.vercel.app/assets/images/banner/flash-sale-cos2.png]
[anvogue-html.vercel.app/cosmetic2.html]
[anvogue-html.vercel.app/assets/images/slider/bg-cos3-1.png]
[anvogue-html.vercel.app/assets/images/slider/bg-cos3-2.png]
[anvogue-html.vercel.app/assets/images/slider/bg-cos3-3.png]
[anvogue-html.vercel.app/assets/images/banner/21.png]
[anvogue-html.vercel.app/assets/images/banner/22.png]
[anvogue-html.vercel.app/assets/images/banner/23.png]
[anvogue-html.vercel.app/assets/images/banner/video-cos3.png]
[anvogue-html.vercel.app/cosmetic3.html]
[anvogue-html.vercel.app/assets/images/other/bg-feature-pet.png]
[anvogue-html.vercel.app/assets/images/product/pets/1-1.png]
[anvogue-html.vercel.app/assets/images/product/pets/1-2.png]
[anvogue-html.vercel.app/assets/images/product/pets/3-1.png]
[anvogue-html.vercel.app/assets/images/product/pets/3-2.png]
[anvogue-html.vercel.app/assets/images/slider/bg-pet1-1.png]
[anvogue-html.vercel.app/assets/images/slider/bg-pet1-2.png]
[anvogue-html.vercel.app/assets/images/slider/bg-pet1-3.png]
[anvogue-html.vercel.app/assets/images/banner/24.png]
[anvogue-html.vercel.app/assets/images/banner/25.png]
[anvogue-html.vercel.app/assets/images/banner/26.png]
[anvogue-html.vercel.app/assets/images/collection/food.png]
[anvogue-html.vercel.app/assets/images/collection/outfit.png]
[anvogue-html.vercel.app/assets/images/collection/bed.png]
[anvogue-html.vercel.app/assets/images/collection/toys.png]
[anvogue-html.vercel.app/assets/images/collection/supplements.png]
[anvogue-html.vercel.app/assets/images/collection/pharmacy.png]
[anvogue-html.vercel.app/assets/images/collection/ring.png]
[anvogue-html.vercel.app/assets/images/banner/bg-feature-pet1.png]
[anvogue-html.vercel.app/assets/images/banner/bg-choose-us-pet.png]
[anvogue-html.vercel.app/assets/images/banner/bg-banner-pet.png]
[anvogue-html.vercel.app/assets/images/instagram/pet1.png]
[anvogue-html.vercel.app/assets/images/instagram/pet5.png]
[anvogue-html.vercel.app/assets/images/instagram/pet2.png]
[anvogue-html.vercel.app/assets/images/instagram/pet3.png]
[anvogue-html.vercel.app/assets/images/instagram/pet4.png]
[anvogue-html.vercel.app/assets/images/instagram/pet6.png]
[anvogue-html.vercel.app/pet.html]
[anvogue-html.vercel.app/assets/images/other/bg-feature-jewelry.png]
[anvogue-html.vercel.app/assets/images/product/jewelry/2-1.png]
[anvogue-html.vercel.app/assets/images/product/jewelry/2-2.png]
[anvogue-html.vercel.app/assets/images/product/jewelry/3-1.png]
[anvogue-html.vercel.app/assets/images/product/jewelry/3-2.png]
[anvogue-html.vercel.app/assets/images/slider/bg-jewelry1-1.png]
[anvogue-html.vercel.app/assets/images/slider/bg-jewelry1-2.png]
[anvogue-html.vercel.app/assets/images/slider/bg-jewelry1-3.png]
[anvogue-html.vercel.app/assets/images/collection/category-jewelry1.png]
[anvogue-html.vercel.app/assets/images/collection/category-jewelry2.png]
[anvogue-html.vercel.app/assets/images/collection/category-jewelry3.png]
[anvogue-html.vercel.app/assets/images/banner/lookbook-jewelry1.png]
[anvogue-html.vercel.app/assets/images/banner/lookbook-jewelry2.png]
[anvogue-html.vercel.app/assets/images/product/jewelry/1-1.png]
[anvogue-html.vercel.app/assets/images/product/jewelry/1-2.png]
[anvogue-html.vercel.app/assets/images/instagram/jewelry1.png]
[anvogue-html.vercel.app/assets/images/instagram/jewelry5.png]
[anvogue-html.vercel.app/assets/images/instagram/jewelry2.png]
[anvogue-html.vercel.app/assets/images/instagram/jewelry3.png]
[anvogue-html.vercel.app/assets/images/instagram/jewelry4.png]
[anvogue-html.vercel.app/assets/images/instagram/jewelry6.png]
[anvogue-html.vercel.app/jewelry.html]
[anvogue-html.vercel.app/assets/images/other/bg-feature-furniture.png]
[anvogue-html.vercel.app/assets/images/product/furniture/2-1.png]
[anvogue-html.vercel.app/assets/images/product/furniture/2-2.png]
[anvogue-html.vercel.app/assets/images/product/furniture/3-1.png]
[anvogue-html.vercel.app/assets/images/product/furniture/3-2.png]
[anvogue-html.vercel.app/assets/images/slider/bg-furniture3.png]
[anvogue-html.vercel.app/assets/images/slider/bg-furniture2.png]
[anvogue-html.vercel.app/assets/images/slider/bg-furniture1.png]
[anvogue-html.vercel.app/assets/images/banner/banner-furniture1.png]
[anvogue-html.vercel.app/assets/images/banner/banner-furniture2.png]
[anvogue-html.vercel.app/assets/images/banner/banner-furniture3.png]
[anvogue-html.vercel.app/assets/images/banner/bg-flash-sale-furniture.png]
[anvogue-html.vercel.app/assets/images/instagram/furniture1.png]
[anvogue-html.vercel.app/assets/images/instagram/furniture5.png]
[anvogue-html.vercel.app/assets/images/instagram/furniture2.png]
[anvogue-html.vercel.app/assets/images/instagram/furniture3.png]
[anvogue-html.vercel.app/assets/images/instagram/furniture4.png]
[anvogue-html.vercel.app/assets/images/product/furniture/7-1.png]
[anvogue-html.vercel.app/furniture.html]
[anvogue-html.vercel.app/assets/images/other/bg-feature-watch.png]
[anvogue-html.vercel.app/assets/images/product/watch/4-1.png]
[anvogue-html.vercel.app/assets/images/product/watch/4-2.png]
[anvogue-html.vercel.app/assets/images/product/watch/7-1.png]
[anvogue-html.vercel.app/assets/images/product/watch/7-2.png]
[anvogue-html.vercel.app/assets/images/slider/watch1.png]
[anvogue-html.vercel.app/assets/images/slider/watch2.png]
[anvogue-html.vercel.app/assets/images/slider/watch3.png]
[anvogue-html.vercel.app/assets/images/collection/category-watch1.png]
[anvogue-html.vercel.app/assets/images/collection/category-watch2.png]
[anvogue-html.vercel.app/assets/images/collection/category-watch3.png]
[anvogue-html.vercel.app/assets/images/collection/category-watch4.png]
[anvogue-html.vercel.app/assets/images/collection/category-watch5.png]
[anvogue-html.vercel.app/assets/images/banner/bg-banner-watch1.png]
[anvogue-html.vercel.app/assets/images/banner/bg-banner-watch2.png]
[anvogue-html.vercel.app/assets/images/banner/bg-banner-watch3.png]
[anvogue-html.vercel.app/assets/images/product/watch/1-1.png]
[anvogue-html.vercel.app/assets/images/product/watch/1-2.png]
[anvogue-html.vercel.app/assets/images/product/watch/2-1.png]
[anvogue-html.vercel.app/assets/images/product/watch/2-2.png]
[anvogue-html.vercel.app/assets/images/banner/popular-watch.png]
[anvogue-html.vercel.app/assets/images/instagram/watch1.png]
[anvogue-html.vercel.app/assets/images/instagram/watch2.png]
[anvogue-html.vercel.app/assets/images/instagram/watch3.png]
[anvogue-html.vercel.app/assets/images/instagram/watch4.png]
[anvogue-html.vercel.app/assets/images/instagram/watch5.png]
[anvogue-html.vercel.app/assets/images/brand/1-1.png]
[anvogue-html.vercel.app/assets/images/brand/2-1.png]
[anvogue-html.vercel.app/assets/images/brand/3-1.png]
[anvogue-html.vercel.app/assets/images/brand/4-1.png]
[anvogue-html.vercel.app/assets/images/brand/5-1.png]
[anvogue-html.vercel.app/assets/images/brand/6-1.png]
[anvogue-html.vercel.app/assets/images/brand/7-1.png]
[anvogue-html.vercel.app/watch.html]
[anvogue-html.vercel.app/assets/css/slick.css]
[anvogue-html.vercel.app/assets/images/other/bg-feature-kid.png]
[anvogue-html.vercel.app/assets/images/product/toykid/2-1.png]
[anvogue-html.vercel.app/assets/images/product/toykid/2-2.png]
[anvogue-html.vercel.app/assets/images/product/toykid/3-1.png]
[anvogue-html.vercel.app/assets/images/product/toykid/3-2.png]
[anvogue-html.vercel.app/assets/images/slider/bg-toys.png]
[anvogue-html.vercel.app/assets/images/slider/bg-toys1.png]
[anvogue-html.vercel.app/assets/images/slider/bg-toys2.png]
[anvogue-html.vercel.app/assets/images/slider/bg-toys3.png]
[anvogue-html.vercel.app/assets/images/banner/bg-banner-toys.png]
[anvogue-html.vercel.app/assets/images/product/toykid/2-3.png]
[anvogue-html.vercel.app/assets/images/product/toykid/3-3.png]
[anvogue-html.vercel.app/assets/images/product/toykid/4-3.png]
[anvogue-html.vercel.app/assets/images/product/toykid/4-1.png]
[anvogue-html.vercel.app/assets/images/product/toykid/4-2.png]
[anvogue-html.vercel.app/assets/images/blog/toys1.png]
[anvogue-html.vercel.app/assets/images/blog/toys2.png]
[anvogue-html.vercel.app/assets/images/blog/toys3.png]
[anvogue-html.vercel.app/assets/js/jquery.min.js]
[anvogue-html.vercel.app/toys.html]
[anvogue-html.vercel.app/assets/js/slick.min.js]
[anvogue-html.vercel.app/assets/images/other/bg-feature-yoga.png]
[anvogue-html.vercel.app/assets/images/product/yoga/1-1.png]
[anvogue-html.vercel.app/assets/images/product/yoga/1-2.png]
[anvogue-html.vercel.app/assets/images/product/yoga/3-1.png]
[anvogue-html.vercel.app/assets/images/product/yoga/3-2.png]
[anvogue-html.vercel.app/assets/images/slider/yoga3.png]
[anvogue-html.vercel.app/assets/images/slider/yoga2.png]
[anvogue-html.vercel.app/assets/images/slider/yoga1.png]
[anvogue-html.vercel.app/assets/images/banner/bg-banner-yoga1.png]
[anvogue-html.vercel.app/assets/images/banner/bg-banner-yoga2.png]
[anvogue-html.vercel.app/assets/images/banner/bg-benefit-yoga.png]
[anvogue-html.vercel.app/assets/images/banner/bg-flash-sale-yoga.png]
[anvogue-html.vercel.app/assets/images/blog/yoga1.png]
[anvogue-html.vercel.app/assets/images/blog/yoga2.png]
[anvogue-html.vercel.app/assets/images/blog/yoga3.png]
[anvogue-html.vercel.app/assets/images/product/yoga/2-1.png]
[anvogue-html.vercel.app/assets/images/product/yoga/4-1.png]
[anvogue-html.vercel.app/assets/images/product/yoga/5-1.png]
[anvogue-html.vercel.app/assets/images/instagram/yoga1.png]
[anvogue-html.vercel.app/assets/images/instagram/yoga2.png]
[anvogue-html.vercel.app/assets/images/instagram/yoga3.png]
[anvogue-html.vercel.app/assets/images/instagram/yoga4.png]
[anvogue-html.vercel.app/assets/images/instagram/yoga6.png]
[anvogue-html.vercel.app/yoga.html]
[anvogue-html.vercel.app/assets/images/other/bg-feature-organic.png]
[anvogue-html.vercel.app/assets/images/product/organic/1-1.png]
[anvogue-html.vercel.app/assets/images/product/organic/1-2.png]
[anvogue-html.vercel.app/assets/images/product/organic/10-1.png]
[anvogue-html.vercel.app/assets/images/product/organic/10-2.png]
[anvogue-html.vercel.app/assets/images/slider/organic1.png]
[anvogue-html.vercel.app/assets/images/slider/organic2.png]
[anvogue-html.vercel.app/assets/images/slider/organic3.png]
[anvogue-html.vercel.app/assets/images/collection/category-organic1.png]
[anvogue-html.vercel.app/assets/images/collection/category-organic2.png]
[anvogue-html.vercel.app/assets/images/collection/category-organic3.png]
[anvogue-html.vercel.app/assets/images/collection/category-organic4.png]
[anvogue-html.vercel.app/assets/images/collection/category-organic5.png]
[anvogue-html.vercel.app/assets/images/collection/category-organic6.png]
[anvogue-html.vercel.app/assets/images/banner/bg-banner-organic1.png]
[anvogue-html.vercel.app/assets/images/banner/bg-banner-organic2.png]
[anvogue-html.vercel.app/assets/images/banner/bg-banner-organic3.png]
[anvogue-html.vercel.app/assets/images/banner/bg-buy-pack-organic.png]
[anvogue-html.vercel.app/assets/images/product/organic/2-1.png]
[anvogue-html.vercel.app/assets/images/product/organic/3-1.png]
[anvogue-html.vercel.app/assets/images/banner/bg-pack-organic.png]
[anvogue-html.vercel.app/assets/images/banner/bg-flash-sale-organic.png]
[anvogue-html.vercel.app/assets/images/banner/image-flash-sale-organic.png]
[anvogue-html.vercel.app/assets/images/blog/organic1.png]
[anvogue-html.vercel.app/assets/images/blog/organic2.png]
[anvogue-html.vercel.app/assets/images/blog/organic3.png]
[anvogue-html.vercel.app/organic.html]
[anvogue-html.vercel.app/assets/images/slider/marketplace.png]
[anvogue-html.vercel.app/assets/images/banner/marketplace1.png]
[anvogue-html.vercel.app/assets/images/banner/marketplace2.png]
[anvogue-html.vercel.app/assets/images/banner/marketplace3.png]
[anvogue-html.vercel.app/assets/images/product/phone/5.png]
[anvogue-html.vercel.app/assets/images/product/ipad/4.png]
[anvogue-html.vercel.app/assets/images/product/phone/3.png]
[anvogue-html.vercel.app/assets/images/product/phone/4.png]
[anvogue-html.vercel.app/assets/images/product/headphone/1.png]
[anvogue-html.vercel.app/assets/images/collection/marketplace1.png]
[anvogue-html.vercel.app/assets/images/collection/marketplace2.png]
[anvogue-html.vercel.app/assets/images/collection/marketplace3.png]
[anvogue-html.vercel.app/assets/images/collection/marketplace4.png]
[anvogue-html.vercel.app/assets/images/banner/marketplace4.png]
[anvogue-html.vercel.app/assets/images/banner/marketplace5.png]
[anvogue-html.vercel.app/assets/images/product/phone/1.png]
[anvogue-html.vercel.app/assets/images/product/watch/1.png]
[anvogue-html.vercel.app/assets/images/product/ipad/1.png]
[anvogue-html.vercel.app/assets/images/product/watch/2.png]
[anvogue-html.vercel.app/assets/images/product/phone/6.png]
[anvogue-html.vercel.app/assets/images/product/watch/3.png]
[anvogue-html.vercel.app/assets/images/product/headphone/2.png]
[anvogue-html.vercel.app/assets/images/blog/marketplace1.png]
[anvogue-html.vercel.app/assets/images/blog/marketplace2.png]
[anvogue-html.vercel.app/assets/images/blog/marketplace3.png]
[anvogue-html.vercel.app/marketplace.html]
[anvogue-html.vercel.app/shop-breadcrumb1.html]
[anvogue-html.vercel.app/shop-breadcrumb-img.html]
[anvogue-html.vercel.app/shop-breadcrumb2.html]
[anvogue-html.vercel.app/assets/js/shop.js]
[anvogue-html.vercel.app/assets/images/banner/banner-shop-breadcrumb-img.png]
[anvogue-html.vercel.app/assets/images/product/fashion/19-1.png]
[anvogue-html.vercel.app/assets/images/product/fashion/19-2.png]
[anvogue-html.vercel.app/assets/images/product/color/white.png]
[anvogue-html.vercel.app/assets/images/product/fashion/5-1.png]
[anvogue-html.vercel.app/assets/images/product/fashion/5-2.png]
[anvogue-html.vercel.app/assets/images/product/fashion/10-1.png]
[anvogue-html.vercel.app/assets/images/product/fashion/2-1.png]
[anvogue-html.vercel.app/assets/images/product/fashion/9-1.png]
[anvogue-html.vercel.app/assets/images/product/fashion/9-2.png]
[anvogue-html.vercel.app/shop-collection.html]
[anvogue-html.vercel.app/shop-filter-canvas.html]
[anvogue-html.vercel.app/shop-filter-options.html]
[anvogue-html.vercel.app/shop-filter-dropdown.html]
[anvogue-html.vercel.app/shop-sidebar-list.html]
[anvogue-html.vercel.app/shop-default.html]
[anvogue-html.vercel.app/shop-default-grid.html]
[anvogue-html.vercel.app/shop-default-list.html]
[anvogue-html.vercel.app/shop-fullwidth.html]
[anvogue-html.vercel.app/shop-square.html]
[anvogue-html.vercel.app/checkout.html]
[anvogue-html.vercel.app/assets/images/product/1000x1000.1e6.delayed]
[anvogue-html.vercel.app/checkout2.html]
[anvogue-html.vercel.app/wishlist.html]
[anvogue-html.vercel.app/search-result.html]
[anvogue-html.vercel.app/cart.html]
[anvogue-html.vercel.app/login.html]
[anvogue-html.vercel.app/forgot-password.html]
[anvogue-html.vercel.app/order-tracking.html]
[anvogue-html.vercel.app/assets/images/product/fashion/4-1.png]
[anvogue-html.vercel.app/assets/images/product/fashion/6-1.png]
[anvogue-html.vercel.app/my-account.html]
[anvogue-html.vercel.app/assets/css/magnific-popup.css]
[anvogue-html.vercel.app/assets/images/product/fashion/6-2.png]
[anvogue-html.vercel.app/assets/images/product/fashion/7-1.png]
[anvogue-html.vercel.app/assets/images/product/fashion/7-2.png]
[anvogue-html.vercel.app/assets/images/product/fashion/8-2.png]
[anvogue-html.vercel.app/assets/images/product/fashion/9-3.png]
[anvogue-html.vercel.app/assets/images/product/fashion/9-4.png]
[anvogue-html.vercel.app/assets/images/product/fashion/5-3.png]
[anvogue-html.vercel.app/assets/images/product/fashion/22-2.png]
[anvogue-html.vercel.app/assets/images/product/fashion/22-1.png]
[anvogue-html.vercel.app/assets/images/product/fashion/22-3.png]
[anvogue-html.vercel.app/assets/js/magnific-popup.min.js]
[anvogue-html.vercel.app/product-default.html]
[anvogue-html.vercel.app/product-sale.html]
[anvogue-html.vercel.app/product-countdown-timer.html]
[anvogue-html.vercel.app/assets/js/product-detail.js]
[anvogue-html.vercel.app/assets/images/product/fashion/15-1.png]
[anvogue-html.vercel.app/assets/images/product/fashion/16-1.png]
[anvogue-html.vercel.app/assets/images/product/fashion/20-1.png]
[anvogue-html.vercel.app/product-grouped.html]
[anvogue-html.vercel.app/product-bought-together.html]
[anvogue-html.vercel.app/product-out-of-stock.html]
[anvogue-html.vercel.app/product-variable.html]
[anvogue-html.vercel.app/product-external.html]
[anvogue-html.vercel.app/product-on-sale.html]
[anvogue-html.vercel.app/product-discount.html]
[anvogue-html.vercel.app/product-sidebar.html]
[anvogue-html.vercel.app/product-fixed-price.html]
[anvogue-html.vercel.app/product-thumbnail-left.html]
[anvogue-html.vercel.app/product-thumbnail-bottom.html]
[anvogue-html.vercel.app/product-one-scrolling.html]
[anvogue-html.vercel.app/product-two-scrolling.html]
[anvogue-html.vercel.app/product-combined-one.html]
[anvogue-html.vercel.app/product-combined-two.html]
[anvogue-html.vercel.app/assets/images/product/fashion/1-3.png]
[anvogue-html.vercel.app/assets/images/product/fashion/4-3.png]
[anvogue-html.vercel.app/product-style1.html]
[anvogue-html.vercel.app/product-style2.html]
[anvogue-html.vercel.app/product-style3.html]
[anvogue-html.vercel.app/product-style4.html]
[anvogue-html.vercel.app/product-style5.html]
[anvogue-html.vercel.app/blog-default.html]
[anvogue-html.vercel.app/blog-list.html]
[anvogue-html.vercel.app/blog-grid.html]
[anvogue-html.vercel.app/blog-detail1.html]
[anvogue-html.vercel.app/blog-detail2.html]
[anvogue-html.vercel.app/assets/js/blog.js]
[anvogue-html.vercel.app/assets/images/other/about-us1.png]
[anvogue-html.vercel.app/assets/images/other/about-us2.png]
[anvogue-html.vercel.app/assets/images/other/about-us3.png]
[anvogue-html.vercel.app/about.html]
[anvogue-html.vercel.app/contact.html]
[anvogue-html.vercel.app/assets/images/other/store-list-office1.png]
[anvogue-html.vercel.app/assets/images/other/store-list-office2.png]
[anvogue-html.vercel.app/assets/images/other/store-list-office3.png]
[anvogue-html.vercel.app/store-list.html]
[anvogue-html.vercel.app/assets/images/other/404-img.png]
[anvogue-html.vercel.app/page-not-found.html]
[anvogue-html.vercel.app/faqs.html]
[anvogue-html.vercel.app/assets/images/other/bg-coming-soon.png]
[anvogue-html.vercel.app/coming-soon.html]
[anvogue-html.vercel.app/customer-feedbacks.html]
[anvogue-html.vercel.app/register.html]
[anvogue-html.vercel.app/compare.html]
[anvogue-html.vercel.app/assets/css/icomoon/fonts/icomoon7531.eot]
[anvogue-html.vercel.app/assets/css/icomoon/fonts/icomoon7531.ttf]
[anvogue-html.vercel.app/assets/css/icomoon/fonts/icomoon7531.woff]
[anvogue-html.vercel.app/assets/css/icomoon/style.css]
[anvogue-html.vercel.app/about-2.html]
[anvogue-html.vercel.app/contact-2.html]
[anvogue-html.vercel.app/store-list-2.html]
[anvogue-html.vercel.app/faqs-2.html]
[anvogue-html.vercel.app/shop/breadcrumb-img.html]
[anvogue-html.vercel.app/assets/css/slick.css]
[anvogue-html.vercel.app/assets/images/product/1000x1000.html]
[anvogue-html.vercel.app/assets/css/magnific-popup.css]
[anvogue-html.vercel.app/assets/css/icomoon/fonts/icomoon7531.svg]
[anvogue-html.vercel.app/assets/css/icomoon/fonts/icomoon7531.svg]
